smash> smash> hello> smash: got ctrl-C
smash: process 47139 was killed
smash: got ctrl-C
hello> smash: got ctrl-C
smash: process 0 was killed
smash: got ctrl-C
smash: got ctrl-C
smash: got ctrl-Z
