smash> smash: got ctrl-Z
smash: process 46807 was stopped
smash> smash: got ctrl-Z
smash: process 46873 was stopped
smash> smash: got ctrl-Z
smash: process 46941 was stopped
smash> smash: got ctrl-Z
smash: process 47004 was stopped
smash> smash: got ctrl-Z
smash: process 47022 was stopped
smash> [1] sleep 100 : 46807 2 secs (stopped)
[2] sleep 200 : 46873 2 secs (stopped)
[3] sleep 300 : 46941 1 secs (stopped)
[4] sleep 400 : 47004 1 secs (stopped)
[5] sleep 500 : 47022 0 secs (stopped)
smash> sleep 300 : 46941
smash> sleep 400 : 47004
smash> sleep 200 : 46873
smash> 