smash> submitted by Eran
smash> smash> smash> smash> smash> smash> sleep 200& : 46986
smash: got ctrl-Z
smash: process 46986 was stopped
smash> [1] sleep 100& : 46985 2 secs
[2] sleep 200& : 46986 0 secs (stopped)
smash> sleep 100& : 46985
smash: got ctrl-C
smash: process 46985 was killed
smash> [2] sleep 200& : 46986 1 secs (stopped)
smash> smash> sleep 300& : 47153
smash: got ctrl-C
smash: process 47153 was killed
smash: got ctrl-C
smash> smash: got ctrl-Z
smash: process 0 was stopped
smash: got ctrl-Z
[2] sleep 200& : 46986 3 secs (stopped)
[3] sleep 300& : 0 0 secs (stopped)
smash> smash: sending SIGKILL signal to 2 jobs:
46986 : sleep 200&
0 : sleep 300&
