smash> smash> smash> smash> smash> smash> smash> smash> [1] sleep 100& : 46739 0 secs
[2] sleep 200& : 46740 0 secs
[3] sleep 300& : 46741 0 secs
[4] sleep 400& : 46742 0 secs
[5] sleep 500& : 46743 0 secs
[6] sleep 600& : 46744 0 secs
[7] sleep 700& : 46745 0 secs
smash> smash> smash> [1] sleep 100& : 46739 0 secs
[2] sleep 200& : 46740 0 secs
[3] sleep 300& : 46741 0 secs
[4] sleep 400& : 46742 0 secs
[5] sleep 500& : 46743 0 secs
[6] sleep 600& : 46744 0 secs
[7] sleep 700& : 46745 0 secs
[8] sleep 800& : 46746 0 secs
[9] sleep 900& : 46747 0 secs
smash> signal number 9 was sent to pid 46741
smash> [1] sleep 100& : 46739 1 secs
[2] sleep 200& : 46740 1 secs
[4] sleep 400& : 46742 1 secs
[5] sleep 500& : 46743 1 secs
[6] sleep 600& : 46744 1 secs
[7] sleep 700& : 46745 1 secs
[8] sleep 800& : 46746 1 secs
[9] sleep 900& : 46747 1 secs
smash> smash> [1] sleep 100& : 46739 1 secs
[2] sleep 200& : 46740 1 secs
[4] sleep 400& : 46742 1 secs
[5] sleep 500& : 46743 1 secs
[6] sleep 600& : 46744 1 secs
[7] sleep 700& : 46745 1 secs
[8] sleep 800& : 46746 1 secs
[9] sleep 900& : 46747 1 secs
[10] sleep 1000& : 46942 0 secs
smash> signal number 9 was sent to pid 46942
smash> [1] sleep 100& : 46739 2 secs
[2] sleep 200& : 46740 2 secs
[4] sleep 400& : 46742 2 secs
[5] sleep 500& : 46743 2 secs
[6] sleep 600& : 46744 2 secs
[7] sleep 700& : 46745 2 secs
[8] sleep 800& : 46746 2 secs
[9] sleep 900& : 46747 2 secs
smash> smash> [1] sleep 100& : 46739 2 secs
[2] sleep 200& : 46740 2 secs
[4] sleep 400& : 46742 2 secs
[5] sleep 500& : 46743 2 secs
[6] sleep 600& : 46744 2 secs
[7] sleep 700& : 46745 2 secs
[8] sleep 800& : 46746 2 secs
[9] sleep 900& : 46747 2 secs
[10] sleep 1001& : 47027 0 secs
smash> sleep 1001& : 47027
smash: got ctrl-Z
smash: process 47027 was stopped
smash> [1] sleep 100& : 46739 3 secs
[2] sleep 200& : 46740 3 secs
[4] sleep 400& : 46742 3 secs
[5] sleep 500& : 46743 3 secs
[6] sleep 600& : 46744 3 secs
[7] sleep 700& : 46745 3 secs
[8] sleep 800& : 46746 3 secs
[9] sleep 900& : 46747 3 secs
[10] sleep 1001& : 47027 0 secs (stopped)
smash> sleep 1001& : 47027
smash: got ctrl-Z
smash: process 47027 was stopped
smash> [1] sleep 100& : 46739 3 secs
[2] sleep 200& : 46740 3 secs
[4] sleep 400& : 46742 3 secs
[5] sleep 500& : 46743 3 secs
[6] sleep 600& : 46744 3 secs
[7] sleep 700& : 46745 3 secs
[8] sleep 800& : 46746 3 secs
[9] sleep 900& : 46747 3 secs
[10] sleep 1001& : 47027 0 secs (stopped)
smash> sleep 1001& : 47027
smash: got ctrl-Z
smash: process 47027 was stopped
smash> [1] sleep 100& : 46739 4 secs
[2] sleep 200& : 46740 4 secs
[4] sleep 400& : 46742 4 secs
[5] sleep 500& : 46743 4 secs
[6] sleep 600& : 46744 4 secs
[7] sleep 700& : 46745 4 secs
[8] sleep 800& : 46746 4 secs
[9] sleep 900& : 46747 4 secs
[10] sleep 1001& : 47027 0 secs (stopped)
smash> sleep 1001& : 47027
smash: got ctrl-Z
smash: process 47027 was stopped
smash> [1] sleep 100& : 46739 4 secs
[2] sleep 200& : 46740 4 secs
[4] sleep 400& : 46742 4 secs
[5] sleep 500& : 46743 4 secs
[6] sleep 600& : 46744 4 secs
[7] sleep 700& : 46745 4 secs
[8] sleep 800& : 46746 4 secs
[9] sleep 900& : 46747 4 secs
[10] sleep 1001& : 47027 0 secs (stopped)
smash> smash: got ctrl-C
smash: process 0 was killed
smash: got ctrl-C
[1] sleep 100& : 46739 5 secs
[2] sleep 200& : 46740 5 secs
[4] sleep 400& : 46742 5 secs
[5] sleep 500& : 46743 5 secs
[6] sleep 600& : 46744 5 secs
[7] sleep 700& : 46745 5 secs
[8] sleep 800& : 46746 5 secs
[9] sleep 900& : 46747 5 secs
[10] sleep 1001& : 47027 1 secs (stopped)
smash> smash: got ctrl-C
smash: process 0 was killed
smash: got ctrl-C
smash: got ctrl-C
smash: got ctrl-C
smash: process 47176 was killed
smash> 