smash> smash: got ctrl-Z
smash: process 47119 was stopped
smash> [1] sleep 10 : 47119 0 secs (stopped)
smash> 