smash> smash> smash> smash> smash: got ctrl-C
smash: process 0 was killed
smash: got ctrl-C
smash: got ctrl-C
smash: got ctrl-C
