smash> smash pid is 46759
smash> smash pid is 46759
smash> smash> smash pid is 46759
smash> smash pid is 46759
smash> smash pid is 46759
smash> smash> 