smash> smash: got ctrl-Z
smash: process 49812 was stopped
smash> smash> 